2023-12-03 03:10:55 [    INFO] {'udid': '3EP4C19626000158-22:29:2c:0f:b6:1a-LYA-AL00', 'version': '10', 'serial': '3EP4C19626000158', 'brand': 'HUAWEI', 'model': 'LYA-AL00', 'hwaddr': '22:29:2c:0f:b6:1a', 'sdk': 29, 'agentVersion': '0.10.0', 'display': {'width': 1080, 'height': 2340}, 'battery': {'acPowered': False, 'usbPowered': True, 'wirelessPowered': False, 'status': 5, 'health': 2, 'present': True, 'level': 100, 'scale': 100, 'voltage': 4324, 'temperature': 290, 'technology': 'Li-poly'}, 'memory': {'total': 7730660, 'around': '7 GB'}, 'cpu': {'cores': 8, 'hardware': 'vendor Kirin980'}, 'arch': '', 'owner': None, 'presenceChangedAt': '0001-01-01T00:00:00Z', 'usingBeganAt': '0001-01-01T00:00:00Z', 'product': None, 'provider': None} (custom_logger.py:116)
2023-12-03 03:10:55 [    INFO]  (custom_logger.py:100)
2023-12-03 03:10:55 [    INFO] ---------- Start test test_add_security_to_watchlist--------------- (custom_logger.py:101)
2023-12-03 03:10:55 [    INFO] 测试：点击Wi-Fi,进入到Wi-Fi连接界面 (test_quote_page.py:14)
2023-12-03 03:10:55 [    INFO] Step: 正在跳转到【市场】 (custom_logger.py:94)
2023-12-03 03:10:55 [    INFO] 正在进行第1次元素定位 (custom_logger.py:116)
2023-12-03 03:11:00 [    INFO] 正在进行第2次元素定位 (custom_logger.py:116)
2023-12-03 03:11:02 [    INFO] 已经找到该元素 (custom_logger.py:116)
2023-12-03 03:11:02 [    INFO] 正在进行元素点击 (custom_logger.py:116)
2023-12-03 03:11:02 [    INFO] Step: 正在跳转到【自选】 (custom_logger.py:94)
2023-12-03 03:11:02 [    INFO] 正在进行第1次元素定位 (custom_logger.py:116)
2023-12-03 03:11:03 [    INFO] 已经找到该元素 (custom_logger.py:116)
2023-12-03 03:11:03 [    INFO] 正在进行元素点击 (custom_logger.py:116)
2023-12-03 03:11:03 [    INFO] Step: 清空自选列表 (custom_logger.py:94)
2023-12-03 03:11:03 [    INFO] 正在进行第1次元素定位 (custom_logger.py:116)
2023-12-03 03:11:03 [    INFO] 已经找到该元素 (custom_logger.py:116)
2023-12-03 03:11:03 [    INFO] 正在进行元素点击 (custom_logger.py:116)
2023-12-03 03:11:03 [    INFO] 正在进行第1次元素定位 (custom_logger.py:116)
2023-12-03 03:11:04 [    INFO] 已经找到该元素 (custom_logger.py:116)
2023-12-03 03:11:04 [    INFO] 正在进行元素点击 (custom_logger.py:116)
2023-12-03 03:11:04 [    INFO] 正在进行第1次元素定位 (custom_logger.py:116)
2023-12-03 03:11:05 [    INFO] 已经找到该元素 (custom_logger.py:116)
2023-12-03 03:11:05 [    INFO] 正在进行元素点击 (custom_logger.py:116)
2023-12-03 03:11:06 [    INFO] Step: 编辑后回退 (custom_logger.py:94)
2023-12-03 03:11:06 [    INFO] 正在进行第1次元素定位 (custom_logger.py:116)
2023-12-03 03:11:06 [    INFO] 已经找到该元素 (custom_logger.py:116)
2023-12-03 03:11:06 [    INFO] 正在进行元素点击 (custom_logger.py:116)
2023-12-03 03:11:07 [    INFO] Step: 添加股票代码600369到自选 (custom_logger.py:94)
2023-12-03 03:11:07 [    INFO] 正在进行第1次元素定位 (custom_logger.py:116)
2023-12-03 03:11:07 [    INFO] 已经找到该元素 (custom_logger.py:116)
2023-12-03 03:11:07 [    INFO] 正在进行元素点击 (custom_logger.py:116)
2023-12-03 03:11:07 [    INFO] 正在进行第1次元素定位 (custom_logger.py:116)
2023-12-03 03:11:08 [    INFO] 已经找到该元素 (custom_logger.py:116)
2023-12-03 03:11:08 [    INFO] 正在进行元素输入 (custom_logger.py:116)
2023-12-03 03:11:09 [    INFO] 正在进行第1次元素定位 (custom_logger.py:116)
2023-12-03 03:11:09 [    INFO] 已经找到该元素 (custom_logger.py:116)
2023-12-03 03:11:09 [    INFO] 正在进行元素点击 (custom_logger.py:116)
2023-12-03 03:11:09 [    INFO] Step: 从搜索页回退 (custom_logger.py:94)
2023-12-03 03:11:09 [    INFO] 正在进行第1次元素定位 (custom_logger.py:116)
2023-12-03 03:11:10 [    INFO] 已经找到该元素 (custom_logger.py:116)
2023-12-03 03:11:10 [    INFO] 正在进行元素点击 (custom_logger.py:116)
2023-12-03 03:11:12 [    INFO] Step: 清空自选列表 (custom_logger.py:94)
2023-12-03 03:11:12 [    INFO] 正在进行第1次元素定位 (custom_logger.py:116)
2023-12-03 03:11:12 [    INFO] 已经找到该元素 (custom_logger.py:116)
2023-12-03 03:11:12 [    INFO] 正在进行元素点击 (custom_logger.py:116)
2023-12-03 03:11:12 [    INFO] 正在进行第1次元素定位 (custom_logger.py:116)
2023-12-03 03:11:13 [    INFO] 已经找到该元素 (custom_logger.py:116)
2023-12-03 03:11:13 [    INFO] 正在进行元素点击 (custom_logger.py:116)
2023-12-03 03:11:13 [    INFO] 正在进行第1次元素定位 (custom_logger.py:116)
2023-12-03 03:11:13 [    INFO] 已经找到该元素 (custom_logger.py:116)
2023-12-03 03:11:13 [    INFO] 正在进行元素点击 (custom_logger.py:116)
2023-12-03 03:11:14 [    INFO] 正在进行第1次元素定位 (custom_logger.py:116)
2023-12-03 03:11:14 [    INFO] 已经找到该元素 (custom_logger.py:116)
2023-12-03 03:11:14 [    INFO] 正在进行元素点击 (custom_logger.py:116)
2023-12-03 03:11:14 [    INFO] 正在进行第1次元素定位 (custom_logger.py:116)
2023-12-03 03:11:15 [    INFO] 已经找到该元素 (custom_logger.py:116)
2023-12-03 03:11:15 [    INFO] 正在进行元素点击 (custom_logger.py:116)
2023-12-03 03:11:15 [    INFO] 正在进行第1次元素定位 (custom_logger.py:116)
2023-12-03 03:11:15 [    INFO] 已经找到该元素 (custom_logger.py:116)
2023-12-03 03:11:15 [    INFO] 正在进行元素点击 (custom_logger.py:116)
2023-12-03 03:11:15 [    INFO] Step: 编辑后回退 (custom_logger.py:94)
2023-12-03 03:11:15 [    INFO] 正在进行第1次元素定位 (custom_logger.py:116)
2023-12-03 03:11:16 [    INFO] 已经找到该元素 (custom_logger.py:116)
2023-12-03 03:11:16 [    INFO] 正在进行元素点击 (custom_logger.py:116)
2023-12-03 03:11:16 [    INFO]  (custom_logger.py:100)
2023-12-03 03:11:16 [    INFO] ---------- End test test_add_security_to_watchlist--------------- (custom_logger.py:101)
